enhancers tests/test_output/generic/K562_chr16/Neighborhoods/EnhancerList.txt
genes tests/test_output/generic/K562_chr16/Neighborhoods/GeneList.txt
outdir tests/test_output/generic/K562_chr16/Predictions
score_column ABC.Score
threshold 0.02
cellType K562_chr16
chrom_sizes reference/hg38/chr_sizes
HiCdir example_chr/HiC_K562
hic_resolution 5000
hic_pseudocount_distance 1000000.0
hic_type juicebox
hic_is_doubly_stochastic False
hic_powerlaw_minWindow None
hic_powerlaw_maxWindow 1000000
scale_hic_using_powerlaw True
hic_gamma 5.522049023040861
hic_scale 1.0044322152129264
hic_gamma_reference 0.87
run_all_genes False
expression_cutoff 1
promoter_activity_quantile_cutoff 0.4
make_all_putative True
use_hdf5 False
window 5000000
tss_hic_contribution 100
tss_slop 500
chromosomes all
include_chrY False
include_self_promoter True
