TargetGene	0
AARS	7
ABAT	1
ABCA17P	12
ABCA3	12
ABCC1	19
ABCC11	2
ABCC12	1
ABCC6	1
ABCC6P1	1
ABCC6P2	1
ACD	12
ACSF3	13
ACSM1	15
ACSM2A	1
ACSM2B	1
ACSM3	9
ACSM5	1
ADAD2	1
ADAM3B	1
ADAMTS18	2
ADAT1	4
ADCY7	1
ADCY9	1
ADGRG1	1
ADGRG3	11
ADGRG5	1
AFG3L1P	11
AGRP	1
AHSP	15
AKTIP	4
ALDOA	15
ALG1	10
AMDHD2	14
AMFR	9
ANKRD11	13
ANKRD26P1	1
ANKS3	10
ANKS4B	1
AP1G1	1
APOBR	16
APOOP5	1
APRT	16
AQP8	1
ARHGAP17	5
ARHGDIG	1
ARL2BP	13
ARL6IP1	10
ARMC5	11
ASPHD1	2
ATF7IP2	10
ATMIN	11
ATP2A1	1
ATP2A1-AS1	11
ATP2C2	1
ATP6V0C	10
ATP6V0D1	9
ATXN1L	4
ATXN2L	7
AXIN1	7
B3GNT9	12
BAIAP3	8
BANP	16
BBS2	12
BCAR1	10
BCAR4	1
BCKDK	12
BCL7C	12
BCO1	1
BEAN1	1
BEAN1-AS1	1
BFAR	10
BICDL2	1
BOLA2	1
BOLA2-SMG1P6	1
BOLA2B	1
BRD7	2
BRICD5	10
C16orf45	1
C16orf46	6
C16orf47	1
C16orf52	23
C16orf54	2
C16orf58	11
C16orf59	16
C16orf62	13
C16orf70	11
C16orf71	10
C16orf72	4
C16orf74	1
C16orf78	1
C16orf82	1
C16orf86	13
C16orf87	12
C16orf89	1
C16orf90	1
C16orf91	16
C16orf92	1
C16orf95	11
C16orf96	1
C16orf97	1
C1QTNF8	1
CA5A	1
CA7	1
CACNA1H	1
CACNG3	1
CALB2	14
CAPN15	9
CAPNS2	1
CARHSP1	9
CARMIL2	1
CASC16	1
CASC22	2
CASKIN1	1
CASP16P	1
CBFA2T3	14
CBFB	5
CBLN1	14
CCDC102A	14
CCDC113	6
CCDC154	1
CCDC189	13
CCDC78	11
CCL17	2
CCL22	1
CCNF	12
CCP110	12
CD19	1
CD2BP2	13
CDH1	1
CDH11	1
CDH13	1
CDH15	1
CDH16	2
CDH3	1
CDH5	1
CDH8	1
CDIP1	1
CDIPT	12
CDIPT-AS1	12
CDK10	9
CDR2	19
CDT1	18
CDYL2	1
CEMP1	12
CENPBD1	11
CENPN	4
CENPT	7
CES1	1
CES1P1	1
CES1P2	1
CES2	9
CES3	13
CES4A	1
CES5A	1
CETP	1
CFAP20	7
CFDP1	4
CHD9	7
CHMP1A	18
CHP2	11
CHST4	2
CHST5	2
CHST6	1
CHTF18	8
CHTF8	7
CIAPIN1	12
CIITA	1
CKLF	5
CKLF-CMTM1	5
CLCN7	9
CLDN6	15
CLDN9	1
CLEC16A	5
CLEC18A	1
CLEC18B	1
CLEC18C	2
CLEC19A	1
CLEC3A	1
CLN3	17
CLUAP1	9
CLUHP3	14
CMC2	4
CMIP	6
CMTM1	2
CMTM2	2
CMTM3	17
CMTM4	15
CMTR2	7
CNEP1R1	5
CNGB1	1
CNOT1	8
CNTNAP4	2
COG4	8
COG7	12
COG8	15
COQ7	15
COQ9	12
CORO1A	9
CORO7	15
CORO7-PAM16	15
COTL1	13
COX4I1	6
COX6A2	1
CPNE2	14
CPNE7	7
CPPED1	9
CRAMP1	20
CREBBP	14
CRISPLD2	10
CRNDE	5
CRYM	9
CRYM-AS1	9
CSNK2A2	8
CTCF	10
CTF1	13
CTRB1	1
CTRB2	1
CTRL	1
CTU2	18
CX3CL1	2
CYB5B	5
CYBA	19
CYLD	4
DBNDD1	7
DCTN5	7
DCTPP1	14
DCUN1D3	13
DDX11L10	2
DDX19A	7
DDX19B	10
DDX28	10
DECR2	8
DEF8	10
DEXI	5
DHODH	7
DHX38	4
DKFZP434H168	1
DNAAF1	10
DNAH3	17
DNAJA2	15
DNAJA3	12
DNASE1	1
DNASE1L2	1
DOC2A	1
DOK4	18
DPEP1	1
DPEP2	11
DPEP3	1
DRC7	9
DUS2	9
DYNC1LI2	7
DYNLRB2	9
E2F4	8
E4F1	11
EARS2	6
ECI1	14
EDC4	9
EEF2K	4
EEF2KMT	10
ELMO3	1
ELOB	18
EMC8	6
EME2	15
EMP2	11
ENKD1	13
ENPP7P13	1
ERCC4	8
ERI2	10
ERN2	1
ERVK13-1	12
ESRP2	1
EXOC3L1	9
EXOSC6	12
FA2H	9
FAHD1	17
FAM157C	1
FAM173A	10
FAM192A	11
FAM234A	7
FAM57B	1
FAM92B	1
FAM96B	9
FANCA	11
FBRS	19
FBXL16	8
FBXL19	12
FBXL19-AS1	13
FBXL8	17
FBXO31	7
FENDRR	1
FHOD1	6
FLJ21408	8
FLJ30679	9
FLJ42627	1
FLYWCH1	10
FLYWCH2	12
FOPNL	12
FOXC2	2
FOXC2-AS1	2
FOXF1	1
FOXL1	1
FRG2DP	1
FRG2KP	1
FTO	5
FTO-IT1	1
FUK	12
FUS	17
GABARAPL2	7
GALNS	12
GAN	4
GAS8	7
GAS8-AS1	1
GCSH	11
GDE1	12
GDPD3	15
GFER	14
GFOD2	9
GGA2	14
GINS2	13
GINS3	3
GLG1	12
GLIS2	1
GLIS2-AS1	13
GLYR1	15
GNAO1	1
GNG13	1
GNPTG	11
GOT2	1
GP2	1
GPR139	1
GPRC5B	10
GPT2	12
GRIN2A	1
GSE1	6
GSG1L	1
GSPT1	15
GTF3C1	8
HAGH	17
HAGHL	11
HAS3	1
HBA1	1
HBA2	1
HBM	2
HBQ1	8
HBZ	14
HCCAT5	1
HCFC1R1	8
HEATR3	6
HERC2P4	1
HERPUD1	9
HIRIP3	14
HMOX2	11
HN1L	15
HP	1
HPR	1
HS3ST2	1
HS3ST4	1
HS3ST6	1
HSBP1	5
HSD11B2	13
HSD17B2	1
HSD3B7	12
HSDL1	10
HSF4	1
HYDIN	1
IFT140	20
IGFALS	2
IGSF6	1
IL17C	16
IL21R	1
IL21R-AS1	1
IL27	1
IL32	1
IL34	1
IL4R	12
INO80E	14
IQCK	1
IRF8	1
IRX3	1
IRX5	12
IRX6	2
IST1	5
ITFG1	12
ITFG1-AS1	10
ITGAD	1
ITGAL	1
ITGAM	1
ITGAX	20
ITPRIPL2	15
JMJD8	12
JPH3	1
KARS	8
KAT8	15
KATNB1	9
KCNG4	1
KCTD13	11
KCTD19	8
KCTD5	8
KDM8	7
KIAA0430	11
KIAA0513	9
KIAA0556	8
KIAA0895L	8
KIF22	7
KIFC3	1
KLHDC4	18
KLHL36	7
KNOP1	13
KREMEN2	11
LAT	3
LCAT	25
LCMT1	7
LCMT1-AS1	7
LCMT1-AS2	1
LDHD	13
LINC00235	10
LINC00254	8
LINC00273	1
LINC00304	1
LINC00311	1
LINC00514	1
LINC00917	1
LINC00919	1
LINC00920	18
LINC00921	11
LINC00922	1
LINC01081	2
LINC01082	1
LINC01177	1
LINC01195	1
LINC01227	1
LINC01229	8
LINC01566	1
LINC01567	1
LINC01568	1
LINC01569	11
LINC01570	11
LINC01571	1
LINC01572	12
LINC02125	3
LINC02126	1
LINC02127	1
LINC02130	1
LINC02133	1
LINC02135	1
LINC02138	1
LINC02139	12
LINC02140	1
LINC02141	1
LINC02167	1
LINC02169	2
LINC02170	1
LINC02175	17
LINC02177	1
LINC02180	1
LINC02181	1
LINC02182	1
LINC02185	1
LINC02186	2
LINC02188	1
LINC02189	1
LINC02192	1
LITAF	1
LMF1	21
LMF1-AS1	1
LOC100128770	2
LOC100129617	1
LOC100129697	1
LOC100131303	1
LOC100134368	11
LOC100190986	1
LOC100287036	14
LOC100289580	1
LOC100505915	11
LOC100505942	9
LOC100506083	7
LOC100506281	1
LOC101927131	1
LOC101927272	1
LOC101927480	1
LOC101927793	1
LOC101927814	12
LOC101927817	1
LOC101928035	2
LOC101928417	2
LOC101928446	1
LOC101928557	1
LOC101928595	16
LOC101928659	11
LOC101928682	1
LOC101928708	1
LOC101928737	1
LOC101929613	2
LOC102723373	1
LOC102723385	15
LOC102723692	1
LOC102723753	1
LOC102724084	1
LOC102724163	1
LOC102724467	13
LOC102724927	14
LOC105371038	1
LOC105371046	1
LOC105371049	1
LOC105371083	18
LOC105371184	13
LOC105371267	7
LOC105371328	1
LOC105371335	2
LOC105371414	1
LOC105376772	1
LOC106660606	12
LOC106699570	7
LOC283856	1
LOC283922	17
LOC339059	1
LOC388242	1
LOC388282	11
LOC390705	1
LOC400541	2
LOC400553	1
LOC554206	7
LOC606724	1
LOC613038	1
LOC643802	1
LOC652276	22
LOC653786	1
LOC729159	1
LOC729652	1
LOC730183	14
LOC81691	10
LONP2	9
LPCAT2	1
LRRC29	6
LRRC36	8
LUC7L	11
LYRM1	13
MAF	1
MAFTRR	8
MAP1LC3B	11
MAPK3	19
MAPK8IP3	21
MARVELD3	1
MAZ	12
MBTPS1	7
MC1R	9
MCRIP2	3
MEFV	1
MEIOB	11
METRN	16
METTL22	7
METTL26	10
METTL9	12
MFSD13B	1
MGRN1	12
MIR193BHG	15
MIR5095	1
MIR762HG	18
MKL2	8
MLKL	16
MLST8	11
MLYCD	8
MMP15	7
MMP2	1
MMP25	1
MMP25-AS1	8
MON1B	5
MPG	20
MPHOSPH6	3
MPV17L	1
MRPL28	8
MRPS34	15
MSLN	1
MSRB1	13
MT1A	1
MT1B	1
MT1DP	1
MT1E	1
MT1F	1
MT1G	1
MT1H	2
MT1IP	1
MT1JP	2
MT1L	2
MT1M	1
MT1X	14
MT2A	11
MT3	1
MT4	1
MTHFSD	9
MTRNR2L4	1
MTSS1L	10
MVD	17
MVP	16
MYH11	2
MYLK3	18
MYLPF	1
N4BP1	8
NAA60	12
NAE1	9
NAGPA	9
NAGPA-AS1	9
NARFL	12
NDE1	9
NDRG4	1
NDUFAB1	14
NDUFB10	18
NECAB2	1
NETO2	10
NFAT5	12
NFATC2IP	8
NFATC3	13
NHLRC4	13
NIP7	15
NKD1	2
NLRC3	1
NLRC5	1
NME3	14
NME4	8
NMRAL1	14
NOB1	15
NOD2	5
NOL3	10
NOMO1	1
NOMO2	1
NOMO3	1
NOXO1	14
NPIPA1	1
NPIPA2	1
NPIPA3	1
NPIPA5	1
NPIPB11	1
NPIPB13	1
NPIPB15	1
NPIPB3	1
NPIPB4	1
NPIPB5	1
NPIPB6	1
NPIPB8	1
NPIPB9	1
NPRL3	12
NPW	1
NQO1	11
NRN1L	9
NSMCE1	8
NTAN1	9
NTHL1	11
NTN3	1
NUBP1	15
NUBP2	8
NUDT16L1	13
NUDT21	7
NUDT7	4
NUP93	11
NUPR1	1
NUTF2	7
OGFOD1	7
OR1F1	1
OR1F2P	1
OR2C1	1
ORAI3	14
ORC6	11
OSGIN1	13
OTOA	1
PABPN1L	1
PAGR1	10
PALB2	7
PAM16	12
PAPD5	4
PAQR4	10
PARD6A	12
PARN	10
PDF	6
PDIA2	1
PDILT	1
PDP2	16
PDPK1	12
PDPR	2
PDXDC1	16
PDXDC2P-NPIPB14P	9
PDZD9	1
PGP	10
PHKB	13
PHKG2	17
PHLPP2	4
PIEZO1	16
PIGQ	13
PKD1	1
PKD1L2	8
PKD1L3	1
PKD1P1	1
PKD1P6-NPIPP1	1
PKMYT1	12
PLA2G10	1
PLA2G15	16
PLCG2	2
PLEKHG4	13
PLK1	4
PLLP	13
PMFBP1	1
PMM2	6
POLR2C	9
POLR3E	11
POLR3K	13
PPL	12
PPP4C	13
PRDM7	1
PRKCB	9
PRM1	1
PRM2	1
PRM3	2
PRMT7	15
PRR14	19
PRR25	1
PRR35	1
PRRT2	11
PRSS21	10
PRSS22	2
PRSS27	12
PRSS30P	16
PRSS33	2
PRSS36	1
PRSS41	1
PRSS53	1
PRSS54	1
PRSS8	23
PSKH1	12
PSMB10	16
PSMD7	13
PTX4	1
PYCARD	14
PYCARD-AS1	14
PYDC1	1
QPRT	16
RAB11FIP3	11
RAB26	18
RAB40C	15
RABEP2	18
RANBP10	15
RBBP6	11
RBFOX1	1
RBL2	4
RFWD3	12
RGS11	1
RHBDF1	15
RHBDL1	13
RHOT2	13
RIPOR1	10
RMI2	18
RNF151	1
RNF166	18
RNF40	13
RNPS1	11
ROGDI	12
RPGRIP1L	5
RPL13	14
RPL3L	1
RPS15A	6
RPS2	10
RPUSD1	8
RRAD	2
RRN3	11
RRN3P1	1
RRN3P2	1
RRN3P3	2
RSL1D1	15
RSPRY1	11
SALL1	1
SBK1	14
SCNN1B	1
SCNN1G	1
SDR42E1	1
SEC14L5	10
SEPHS2	18
SEPT1	14
SEPT12	14
SETD1A	24
SETD6	11
SEZ6L2	2
SF3B3	8
SGF29	17
SH2B1	9
SHCBP1	14
SHISA9	3
SIAH1	19
SLC12A3	1
SLC12A4	11
SLC22A31	1
SLC38A7	3
SLC38A8	1
SLC5A11	1
SLC5A2	1
SLC6A10P	1
SLC6A2	1
SLC7A5	13
SLC7A5P2	16
SLC7A6	20
SLC7A6OS	15
SLC9A3R2	13
SLC9A5	6
SLX1A	1
SLX1A-SULT1A3	1
SLX1B	1
SLX1B-SULT1A4	1
SLX4	14
SMG1	8
SMG1P1	2
SMG1P2	18
SMG1P3	17
SMG1P5	15
SMG1P6	1
SMG1P7	1
SMIM22	1
SMPD3	1
SNAI3	15
SNAI3-AS1	17
SNHG19	11
SNHG9	10
SNN	14
SNRNP25	12
SNTB2	11
SNX20	1
SNX29	11
SNX29P1	2
SNX29P2	1
SOCS1	5
SOX8	1
SPATA2L	9
SPATA33	18
SPG7	26
SPIRE2	10
SPN	9
SPNS1	14
SPSB3	8
SRCAP	14
SRL	1
SRRM2	18
SRRM2-AS1	1
SSTR5	1
SSTR5-AS1	1
ST3GAL2	5
STUB1	11
STX1B	1
STX4	17
SULT1A1	13
SULT1A2	11
SULT1A3	1
SULT1A4	1
SYCE1L	1
SYNGR3	10
SYT17	1
TAF1C	11
TANGO6	19
TAOK2	20
TAT	1
TAT-AS1	7
TBC1D10B	14
TBC1D24	13
TBL3	16
TBX6	10
TCF25	15
TEKT5	1
TELO2	13
TEPP	9
TERB1	1
TERF2	15
TERF2IP	8
TFAP4	11
TGFB1I1	15
THAP11	15
THOC6	8
THUMPD1	16
TIGD7	19
TK2	5
TLDC1	6
TMC5	2
TMC7	18
TMED6	1
TMEM114	1
TMEM159	17
TMEM170A	8
TMEM186	6
TMEM204	1
TMEM208	6
TMEM219	10
TMEM231	9
TMEM265	15
TMEM8A	12
TNFRSF12A	8
TNFRSF17	9
TNP2	1
TNRC6A	12
TOX3	2
TP53TG3D	1
TP53TG3HP	1
TPPP3	11
TPSAB1	1
TPSB2	1
TPSD1	1
TPSG1	1
TRADD	17
TRAF7	11
TRAP1	16
TRAPPC2L	12
TRIM72	1
TSC2	11
TSNAXIP1	15
TSR3	11
TUBB3	14
TUFM	10
TVP23A	2
TXNDC11	12
TXNL4B	4
UBALD1	15
UBE2I	17
UBE2MP1	1
UBFD1	6
UBN1	14
UMOD	1
UNKL	13
UQCRC2	15
URAHP	13
USB1	11
USP10	13
USP31	16
USP7	10
UTP4	7
VAC14	10
VAC14-AS1	1
VASN	12
VAT1L	1
VKORC1	12
VN1R3	3
VPS35	11
VPS4A	10
VPS9D1	8
VPS9D1-AS1	5
VWA3A	2
WASIR2	1
WDR24	9
WDR59	11
WDR90	1
WFDC1	1
WFIKKN1	10
WWOX	2
WWP2	10
XPO6	12
XYLT1	1
YBX3P1	2
YPEL3	16
ZC3H18	18
ZC3H7A	11
ZCCHC14	1
ZDHHC1	1
ZDHHC7	6
ZFHX3	2
ZFP1	8
ZFP90	16
ZFPM1	11
ZG16	1
ZG16B	1
ZKSCAN2	6
ZNF174	8
ZNF19	1
ZNF200	17
ZNF205	11
ZNF205-AS1	1
ZNF213	15
ZNF213-AS1	9
ZNF23	7
ZNF263	17
ZNF267	9
ZNF276	8
ZNF319	18
ZNF423	2
ZNF469	1
ZNF48	21
ZNF500	11
ZNF597	11
ZNF598	11
ZNF629	19
ZNF646	16
ZNF668	1
ZNF688	18
ZNF689	13
ZNF720	16
ZNF747	13
ZNF75A	19
ZNF764	17
ZNF768	18
ZNF771	17
ZNF778	16
ZNF785	16
ZNF821	3
ZNF843	17
ZNRF1	13
ZP2	1
ZSCAN10	12
ZSCAN32	8
