TargetGene	0
ACO2	2
ADM2	3
ADSL	3
AIFM3	13
ALG12	5
ANKRD54	1
AP1B1	4
APOBEC3B	2
APOBEC3C	2
APOBEC3D	5
APOBEC3F	2
APOBEC3G	4
APOL1	6
APOL2	5
ARFGAP3	4
ARSA	3
ARVCF	4
ASCC2	7
ASPHD2	1
ATF4	5
ATP6V1E1	3
ATXN10	3
BCL2L13	4
BCR	11
BCRP2	8
BCRP3	4
BID	5
BIK	6
BMS1P20	4
BRD1	5
C22orf23	4
C22orf24	2
C22orf29	4
C22orf34	3
C22orf39	3
CABIN1	3
CARD10	5
CASTOR1	7
CBX6	6
CBX7	2
CBY1	2
CCDC116	6
CCDC117	4
CCDC134	4
CCDC157	2
CCDC188	8
CDC42EP1	7
CDC45	1
CDPF1	4
CECR2	5
CENPM	5
CERK	5
CHCHD10	3
CHEK2	3
CHKB	3
CHKB-AS1	3
CHKB-CPT1B	3
CLDN5	7
CLTCL1	4
COMT	6
CRELD2	5
CRKL	5
CRYBB2P1	3
CSF2RB	5
CSNK1E	1
CYB5R3	5
DDTL	4
DDX17	5
DENND6B	6
DEPDC5	2
DERL3	4
DESI1	3
DGCR14	6
DGCR2	4
DGCR5	5
DGCR6L	6
DGCR8	4
DMC1	3
DNAL4	5
DRG1	3
DUSP18	2
EFCAB6	2
EIF3D	3
EIF3L	2
EIF4ENIF1	2
EMID1	6
EP300	2
EP300-AS1	3
EWSR1	7
FAM118A	4
FAM227A	2
FBXO7	6
FBXW4P1	9
FOXRED2	2
GAS2L1	4
GCAT	4
GGA1	3
GNAZ	5
GNB1L	4
GP1BB	4
GRK3	3
GTPBP1	5
GTSE1	3
GTSE1-AS1	3
GUCD1	2
GUSBP11	3
HDAC10	7
HDHD5-AS1	4
HIRA	5
HMGXB4	2
HPS4	7
HSCB	3
IFT27	3
IGLL5	8
IL17RA	4
JOSD1	3
KCTD17	6
KDELR3	6
KLHL22	8
KREMEN1	6
L3MBTL2	4
LDOC1L	3
LGALS1	4
LIMK2	7
LINC00528	6
LINC00896	6
LINC00898	2
LINC01311	4
LINC01315	5
LINC01399	3
LINC01521	4
LINC01637	1
LINC01659	6
LL22NC03-63E9.3	5
LMF2	3
LOC100507599	4
LOC101927051	4
LOC101927447	4
LOC105373021	3
LOC105373031	3
LOC284930	2
LOC400927	2
LOC400927-CSNK1E	3
LOC730668	6
LRRC74B	3
LRRC75B	5
LZTR1	5
MAFF	4
MAPK1	6
MAPK11	6
MAPK12	4
MAPK8IP2	6
MCAT	4
MCM5	6
MED15	6
MFNG	7
MGAT3	5
MIATNB	5
MICALL1	4
MIEF1	4
MIF	3
MIRLET7BHG	6
MKL1	3
MMP11	5
MORC2	3
MPST	6
MRPL40	5
MTFP1	6
MTMR3	2
MYH9	5
MYO18B	7
NAGA	1
NCAPH2	3
NDUFA6	2
NDUFA6-AS1	2
NF2	3
NIPSNAP1	2
NOL12	4
NPTXR	4
NUP50	3
NUP50-AS1	3
OGFRP1	4
P2RX6	6
P2RX6P	3
PANX2	5
PARVB	8
PATZ1	4
PDXP	3
PES1	4
PEX26	4
PHF5A	2
PI4KA	4
PICK1	2
PIK3IP1	5
PIM3	8
PISD	4
PITPNB	2
PLA2G6	6
PLXNB2	6
PMM1	2
PNPLA3	2
POLDIP3	3
POLR2F	4
POLR3H	4
POM121L1P	6
PPARA	3
PPIL2	5
PPM1F	4
PPP6R2	4
PRAME	5
PRAMENP	7
PRR14L	2
PRR5	7
PRR5-ARHGAP8	6
RAB36	6
RABL2B	3
RAC2	2
RANBP1	6
RANGAP1	4
RBFOX2	4
RBX1	2
RHBDD3	7
RNF185	2
RNF215	4
RPL23AP82	8
RPL3	5
RPS19BP1	4
RRP7A	6
RRP7BP	5
RSPH14	3
RTCB	2
RTN4R	7
SAMM50	4
SBF1	5
SCARF2	9
SCO2	6
SDF2L1	13
SELENOM	4
SELENOO	6
SEPT5	5
SEPT5-GP1BB	3
SERHL	4
SERHL2	7
SF3A1	3
SFI1	2
SGSM1	4
SGSM3	4
SH3BP1	8
SHISA8	8
SLC25A1	7
SLC25A17	4
SLC35E4	2
SLC7A4	3
SMARCB1	3
SMDT1	3
SMTN	5
SNAP29	4
SNRPD3	1
SNU13	4
SPECC1L	6
SPECC1L-ADORA2A	6
SREBF2	4
SRRD	7
ST13	3
SUN2	5
SUSD2	7
SYCE3	2
SYNGR1	5
TAB1	4
TANGO2	5
TBC1D10A	4
TBC1D22A	6
TBX1	7
TCN2	5
TEF	2
TFIP11	4
THAP7	4
THAP7-AS1	4
THOC5	3
TMEM184B	7
TNFRSF13C	6
TNRC6B	6
TOB2	5
TOM1	2
TOMM22	3
TOP3B	5
TPST2	5
TPTEP1	5
TRABD	4
TRIOBP	6
TRMT2A	5
TRMU	4
TSPO	4
TST	5
TTC28	6
TTC28-AS1	2
TTC38	3
TTLL1	4
TTLL12	3
TUBA3FP	9
TUBGCP6	4
TUG1	5
TXN2	4
TXNRD2	5
UBE2L3	6
UFD1	1
UQCR10	4
USP18	8
XBP1	5
XPNPEP3	3
XRCC6	3
YDJC	6
YPEL1	7
YWHAH	5
ZBED4	5
ZC3H7B	5
ZDHHC8	5
ZDHHC8P1	4
ZMAT5	5
ZNF280A	7
ZNF280B	2
ZNF70	4
ZNF74	2
ZNRF3-AS1	4
