TargetGene	0
A4GALT	1
ACO2	2
ACR	1
ADA2	1
ADM2	3
ADORA2A	1
ADORA2A-AS1	1
ADSL	3
AIFM3	13
ALG12	5
ANKRD54	1
ANKRD62P1-PARP4P3	1
AP1B1	4
AP1B1P1	1
APOBEC3A	1
APOBEC3A_B	1
APOBEC3B	2
APOBEC3B-AS1	2
APOBEC3C	2
APOBEC3D	5
APOBEC3F	2
APOBEC3G	4
APOBEC3H	1
APOL1	6
APOL2	5
APOL3	1
APOL4	1
APOL5	1
APOL6	1
ARFGAP3	4
ARHGAP8	1
ARSA	3
ARVCF	4
ASCC2	7
ASPHD2	1
ATF4	5
ATP5L2	2
ATP6V1E1	3
ATXN10	3
BAIAP2L2	1
BCL2L13	4
BCR	11
BCRP2	8
BCRP3	4
BID	5
BIK	6
BMS1P20	4
BPIFC	2
BRD1	5
C1QTNF6	2
C22orf15	1
C22orf23	4
C22orf24	2
C22orf29	4
C22orf31	1
C22orf34	3
C22orf39	3
C22orf42	1
C22orf46	1
CABIN1	3
CABP7	1
CACNA1I	2
CACNG2	1
CARD10	5
CASTOR1	7
CBX6	6
CBX7	2
CBY1	2
CCDC116	6
CCDC117	4
CCDC134	4
CCDC157	2
CCDC188	8
CCT8L2	1
CDC42EP1	7
CDC45	1
CDPF1	4
CECR2	5
CECR3	1
CECR6	1
CECR7	2
CELSR1	1
CENPM	5
CERK	5
CES5AP1	1
CHADL	1
CHCHD10	3
CHEK2	3
CHKB	3
CHKB-AS1	3
CHKB-CPT1B	3
CLDN5	7
CLTCL1	4
COMT	6
CPT1B	1
CRELD2	5
CRKL	5
CRYBA4	2
CRYBB1	1
CRYBB2	1
CRYBB2P1	3
CRYBB3	1
CSDC2	1
CSF2RB	5
CSNK1E	1
CYB5R3	5
CYP2D6	1
CYP2D7	2
CYTH4	1
DDT	1
DDTL	4
DDX17	5
DENND6B	6
DEPDC5	2
DERL3	4
DESI1	3
DGCR10	1
DGCR11	1
DGCR14	6
DGCR2	4
DGCR5	5
DGCR6	2
DGCR6L	6
DGCR8	4
DGCR9	2
DMC1	3
DNAJB7	1
DNAL4	5
DRG1	3
DRICH1	1
DUSP18	2
DUXAP8	1
EFCAB6	2
EFCAB6-AS1	1
EIF3D	3
EIF3L	2
EIF4ENIF1	2
ELFN2	1
EMID1	6
ENTHD1	1
EP300	2
EP300-AS1	3
EWSR1	7
FAM109B	1
FAM118A	4
FAM19A5	1
FAM227A	2
FAM230A	1
FAM230B	1
FAM83F	2
FBLN1	1
FBXO7	6
FBXW4P1	9
FOXRED2	2
GAB4	3
GAL3ST1	1
GALR3	1
GAS2L1	4
GCAT	4
GGA1	3
GGT1	2
GGT3P	1
GGT5	2
GGTLC2	1
GNAZ	5
GNB1L	4
GP1BB	4
GRAMD4	1
GRAP2	2
GRK3	3
GSC2	1
GTPBP1	5
GTSE1	3
GTSE1-AS1	3
GUCD1	2
GUSBP11	3
H1F0	1
HDAC10	7
HDHD5	2
HDHD5-AS1	4
HIC2	2
HIRA	5
HMGXB4	2
HMOX1	1
HORMAD2	1
HORMAD2-AS1	1
HPS4	7
HSCB	3
HSFY1P1	1
IFT27	3
IGLL1	1
IGLL3P	1
IGLL5	8
IL17RA	4
IL17REL	1
IL2RB	1
INPP5J	2
ISX	1
ISX-AS1	1
JOSD1	3
KCNJ4	1
KCTD17	6
KDELR3	6
KIAA0930	1
KIAA1644	1
KIAA1656	1
KIAA1671	2
KLHDC7B	1
KLHL22	8
KREMEN1	6
L3MBTL2	4
LARGE-AS1	1
LARGE1	2
LDOC1L	3
LGALS1	4
LGALS2	1
LIF	1
LIMK2	7
LINC00207	1
LINC00229	1
LINC00528	6
LINC00634	1
LINC00895	1
LINC00896	6
LINC00898	2
LINC00899	2
LINC01297	1
LINC01310	2
LINC01311	4
LINC01315	5
LINC01399	3
LINC01422	1
LINC01521	4
LINC01589	1
LINC01634	1
LINC01637	2
LINC01640	1
LINC01644	1
LINC01656	2
LINC01658	1
LINC01659	6
LINC01660	1
LINC01662	1
LINC01663	1
LINC01664	1
LINC01665	1
LL22NC01-81G9.3	2
LL22NC03-63E9.3	5
LMF2	3
LOC100128531	1
LOC100130899	1
LOC100506271	1
LOC100506472	1
LOC100506679	1
LOC100507599	4
LOC100507657	1
LOC100996335	1
LOC100996415	1
LOC101927051	4
LOC101927257	1
LOC101927447	4
LOC101929372	1
LOC101929829	1
LOC102725072	1
LOC105372977	1
LOC105373021	3
LOC105373031	3
LOC105373044	1
LOC105373051	1
LOC105373100	1
LOC105379550	1
LOC284865	1
LOC284898	2
LOC284930	2
LOC284933	1
LOC339666	1
LOC339685	1
LOC400927	2
LOC400927-CSNK1E	3
LOC730668	6
LRP5L	1
LRRC74B	3
LRRC75B	5
LZTR1	5
MAFF	4
MAPK1	6
MAPK11	6
MAPK12	4
MAPK8IP2	6
MB	1
MCAT	4
MCHR1	1
MCM5	6
MED15	6
MEI1	1
MFNG	7
MGAT3	5
MGAT3-AS1	1
MIAT	1
MIATNB	5
MICAL3	1
MICALL1	4
MIEF1	4
MIF	3
MIF-AS1	1
MIOX	1
MIRLET7BHG	6
MKL1	3
MLC1	1
MMP11	5
MN1	1
MORC2	3
MORC2-AS1	2
MOV10L1	1
MPPED1	1
MPST	6
MRPL40	5
MTFP1	6
MTMR3	2
MYH9	5
MYO18B	7
NAGA	1
NCAPH2	3
NCF4	1
NDUFA6	2
NDUFA6-AS1	2
NEFH	1
NF2	3
NFAM1	1
NIPSNAP1	2
NOL12	4
NPTXR	4
NUP50	3
NUP50-AS1	3
ODF3B	1
OGFRP1	4
OR11H1	1
OSBP2	2
OSM	1
P2RX6	6
P2RX6P	5
PACSIN2	2
PANX2	5
PARVB	8
PARVG	1
PATZ1	4
PDGFB	1
PDXP	3
PES1	4
PEX26	4
PHF21B	2
PHF5A	2
PI4KA	4
PI4KAP1	1
PI4KAP2	1
PICK1	2
PIK3IP1	5
PIK3IP1-AS1	1
PIM3	8
PISD	4
PITPNB	2
PIWIL3	1
PKDREJ	1
PLA2G3	3
PLA2G6	6
PLXNB2	6
PMM1	2
PNPLA3	2
PNPLA5	2
POLDIP3	3
POLR2F	4
POLR3H	4
POM121L10P	1
POM121L1P	6
POM121L4P	2
POM121L8P	1
POM121L9P	1
POTEH	1
PPARA	3
PPIL2	5
PPM1F	4
PPP6R2	4
PRAME	5
PRAMENP	7
PRODH	1
PRR14L	2
PRR34	1
PRR34-AS1	1
PRR5	7
PRR5-ARHGAP8	6
PVALB	1
RAB36	6
RABL2B	3
RAC2	2
RANBP1	6
RANGAP1	4
RASD2	2
RASL10A	1
RBFOX2	4
RBX1	2
RFPL1	1
RFPL1S	1
RFPL2	1
RFPL3	1
RFPL3S	1
RGL4	1
RHBDD3	7
RIBC2	2
RIMBP3	1
RNF185	2
RNF215	4
RPL23AP82	8
RPL3	5
RPS19BP1	4
RRP7A	6
RRP7BP	5
RSPH14	3
RTCB	2
RTN4R	7
SAMM50	4
SBF1	5
SCARF2	9
SCO2	6
SCUBE1	2
SDC4P	1
SDF2L1	13
SEC14L2	1
SEC14L3	1
SEC14L4	1
SEC14L6	1
SELENOM	4
SELENOO	6
SEPT3	1
SEPT5	5
SEPT5-GP1BB	3
SERHL	4
SERHL2	7
SERPIND1	1
SEZ6L	1
SF3A1	3
SFI1	2
SGSM1	4
SGSM3	4
SH3BP1	8
SHANK3	1
SHISA8	8
SLC16A8	3
SLC25A1	7
SLC25A17	4
SLC2A11	1
SLC35E4	2
SLC5A1	1
SLC5A4	1
SLC7A4	4
SMARCB1	3
SMC1B	2
SMDT1	3
SMTN	5
SNAP29	4
SNRPD3	1
SNU13	4
SOX10	1
SPECC1L	6
SPECC1L-ADORA2A	6
SREBF2	4
SRRD	7
SSTR3	1
ST13	3
SULT4A1	1
SUN2	5
SUSD2	7
SYCE3	2
SYN3	1
SYNGR1	5
TAB1	4
TANGO2	5
TBC1D10A	4
TBC1D22A	6
TBC1D22A-AS1	1
TBX1	7
TCF20	1
TCN2	5
TEF	2
TEX33	2
TFIP11	4
THAP7	4
THAP7-AS1	4
THOC5	3
TIMP3	1
TMEM184B	7
TMEM191A	1
TMEM191B	1
TMEM191C	1
TMEM211	2
TMPRSS6	1
TNFRSF13C	6
TNRC6B	6
TOB2	5
TOM1	2
TOMM22	3
TOP1P2	2
TOP3B	5
TPST2	5
TPTEP1	5
TRABD	4
TRIOBP	6
TRMT2A	5
TRMU	4
TSPO	4
TSSK2	1
TST	5
TTC28	6
TTC28-AS1	2
TTC38	3
TTLL1	4
TTLL12	3
TUBA3FP	10
TUBA8	1
TUBGCP6	4
TUG1	5
TXN2	4
TXNRD2	5
TYMP	1
UBE2L3	6
UFD1	1
UPB1	1
UPK3A	2
UQCR10	4
USP18	8
VPREB1	3
VPREB3	1
WBP2NL	1
WNT7B	1
XBP1	5
XKR3	1
XPNPEP3	3
XRCC6	3
YDJC	6
YPEL1	7
YWHAH	5
ZBED4	5
ZC3H7B	5
ZDHHC8	5
ZDHHC8P1	4
ZMAT5	5
ZNF280A	7
ZNF280B	2
ZNF70	4
ZNF74	2
ZNRF3	1
ZNRF3-AS1	4
