chr	start	end	0
chr22	15371031	15371531	1
chr22	15372081	15372581	1
chr22	15374500	15375000	1
chr22	16599573	16600073	1
chr22	16601083	16603484	1
chr22	17084264	17085208	1
chr22	17085228	17086087	1
chr22	17155907	17156407	1
chr22	17158420	17159638	1
chr22	17171081	17172161	1
chr22	17354931	17355431	1
chr22	17359120	17360198	1
chr22	17364083	17364583	1
chr22	17366843	17367343	1
chr22	17368556	17370962	1
chr22	17628234	17629096	1
chr22	17632751	17634289	2
chr22	17634628	17635128	2
chr22	17638100	17638985	1
chr22	17639365	17640274	1
chr22	17773176	17773676	2
chr22	17773721	17774221	1
chr22	17774229	17774745	1
chr22	17777039	17777723	1
chr22	17779401	17779901	2
chr22	17781226	17781726	1
chr22	17785157	17785657	1
chr22	17786428	17787644	2
chr22	17829933	17830788	1
chr22	18075994	18076494	1
chr22	18077666	18078169	1
chr22	18078423	18078923	1
chr22	18140944	18141444	1
chr22	18145961	18146461	1
chr22	18146807	18147719	1
chr22	18149740	18150336	1
chr22	18155624	18156744	1
chr22	18369957	18370457	1
chr22	18533629	18535238	1
chr22	18535648	18536686	1
chr22	18536766	18537428	1
chr22	18538452	18538952	1
chr22	18539576	18540076	1
chr22	18546766	18547872	1
chr22	18585594	18586305	4
chr22	18586659	18587840	4
chr22	18594586	18595881	3
chr22	18597456	18597956	1
chr22	18599606	18600106	1
chr22	18604862	18606153	1
chr22	18610130	18610630	2
chr22	18617579	18618079	1
chr22	18618409	18618909	1
chr22	18619003	18619997	1
chr22	18626041	18626541	2
chr22	18628773	18629273	2
chr22	18629307	18629807	2
chr22	18801000	18801500	1
chr22	18802397	18803427	1
chr22	18815004	18815504	1
chr22	18816751	18817251	1
chr22	18817628	18818128	1
chr22	18854180	18855157	1
chr22	18859221	18859721	1
chr22	18967419	18969614	1
chr22	18970082	18971031	1
chr22	18972267	18972767	1
chr22	18977856	18978356	1
chr22	18978470	18979260	1
chr22	19115564	19116064	1
chr22	19121450	19122194	1
chr22	19122204	19123203	1
chr22	19129038	19129538	1
chr22	19143919	19144419	1
chr22	19144427	19145002	1
chr22	19168027	19168527	1
chr22	19168681	19169960	1
chr22	19170482	19170982	1
chr22	19171122	19172458	1
chr22	19178082	19178582	1
chr22	19178613	19179131	1
chr22	19179347	19180186	1
chr22	19290820	19292063	1
chr22	19292139	19292832	1
chr22	19296359	19296859	1
chr22	19296867	19297367	1
chr22	19396592	19398211	2
chr22	19419059	19419559	2
chr22	19430370	19432151	2
chr22	19432175	19432675	2
chr22	19432823	19433520	2
chr22	19440308	19440808	1
chr22	19446832	19448528	1
chr22	19448763	19449263	1
chr22	19478901	19480075	2
chr22	19521605	19522105	1
chr22	19522110	19523767	1
chr22	19523906	19525587	1
chr22	19526445	19526945	1
chr22	19527009	19527509	1
chr22	19528083	19528583	1
chr22	19530648	19531148	1
chr22	19705147	19705647	1
chr22	19708200	19709713	1
chr22	19714039	19715166	1
chr22	19716969	19717469	1
chr22	19717911	19718411	3
chr22	19718860	19719360	3
chr22	19722091	19724478	1
chr22	19730074	19731197	2
chr22	19750813	19751313	1
chr22	19753423	19753923	1
chr22	19756452	19756978	1
chr22	19757052	19757552	1
chr22	19760349	19761022	1
chr22	19761879	19762379	1
chr22	19844296	19845903	2
chr22	19846546	19847184	2
chr22	19853702	19855189	2
chr22	19855339	19856584	2
chr22	19940779	19941279	1
chr22	19941489	19943412	2
chr22	19946951	19948146	2
chr22	19986987	19988210	2
chr22	20016076	20017157	1
chr22	20020355	20021318	1
chr22	20021325	20021825	1
chr22	20025343	20025843	1
chr22	20027918	20028418	1
chr22	20076665	20077165	1
chr22	20079864	20080757	1
chr22	20080897	20081397	1
chr22	20084319	20085351	1
chr22	20109845	20110527	2
chr22	20111072	20111572	2
chr22	20115913	20116413	2
chr22	20116427	20116927	2
chr22	20117045	20117673	2
chr22	20117811	20118311	1
chr22	20128819	20130001	1
chr22	20130417	20132892	1
chr22	20137138	20137638	1
chr22	20137722	20138581	1
chr22	20138612	20139112	1
chr22	20140094	20140594	1
chr22	20141163	20141663	1
chr22	20142214	20142714	1
chr22	20143115	20143615	1
chr22	20147317	20148009	1
chr22	20148386	20150158	1
chr22	20150415	20151237	1
chr22	20156598	20158278	1
chr22	20203304	20204316	1
chr22	20205428	20205928	1
chr22	20206081	20207321	1
chr22	20207611	20208111	1
chr22	20211417	20211917	1
chr22	20211969	20212469	1
chr22	20260671	20261171	1
chr22	20261840	20262479	1
chr22	20265013	20265513	1
chr22	20267305	20267805	1
chr22	20267894	20268683	1
chr22	20269241	20270638	1
chr22	20273111	20274022	1
chr22	20298360	20299849	1
chr22	20317518	20318018	1
chr22	20319098	20320355	1
chr22	20320546	20321046	1
chr22	20321238	20321738	1
chr22	20391712	20392345	1
chr22	20393809	20394724	1
chr22	20428599	20430638	1
chr22	20430729	20431229	1
chr22	20434850	20435350	1
chr22	20435357	20435857	1
chr22	20435868	20436714	1
chr22	20436935	20438109	1
chr22	20439085	20439585	1
chr22	20439675	20440587	1
chr22	20441560	20442517	1
chr22	20494851	20495351	1
chr22	20495630	20496133	1
chr22	20496356	20497206	1
chr22	20506569	20507069	1
chr22	20507291	20508203	1
chr22	20508630	20509224	1
chr22	20509306	20509806	1
chr22	20511861	20512361	1
chr22	20522783	20523590	1
chr22	20853185	20853908	2
chr22	20857233	20858199	2
chr22	20858230	20859253	2
chr22	20867360	20867860	2
chr22	20884879	20886175	1
chr22	20916721	20918208	1
chr22	20918616	20919116	1
chr22	20920523	20921023	1
chr22	20921436	20922294	1
chr22	20961296	20962315	1
chr22	20964874	20965379	1
chr22	20965537	20966629	1
chr22	20966804	20967304	1
chr22	20967680	20968756	1
chr22	20971275	20971775	1
chr22	20972367	20972867	1
chr22	20973153	20974382	1
chr22	20974403	20974903	1
chr22	20979202	20979702	1
chr22	20981697	20983010	1
chr22	20998508	20999008	2
chr22	21000633	21002407	2
chr22	21002420	21003027	2
chr22	21009532	21010032	4
chr22	21014037	21014584	1
chr22	21014622	21016062	1
chr22	21020046	21020546	1
chr22	21020775	21021876	1
chr22	21022529	21023328	1
chr22	21044794	21046444	1
chr22	21051107	21051607	1
chr22	21055470	21057474	1
chr22	21098037	21098537	1
chr22	21101130	21102648	1
chr22	21102738	21103265	1
chr22	21119917	21120417	1
chr22	21121844	21122344	1
chr22	21123175	21123675	1
chr22	21128560	21131071	1
chr22	21203900	21204724	1
chr22	21220070	21220570	1
chr22	21221523	21222023	1
chr22	21223588	21224088	1
chr22	21225088	21225858	1
chr22	21226830	21227695	1
chr22	21279473	21281012	2
chr22	21281184	21281858	2
chr22	21283190	21283690	2
chr22	21294959	21295700	1
chr22	21307779	21309750	1
chr22	21355546	21356456	2
chr22	21356499	21358078	4
chr22	21359513	21360013	2
chr22	21382595	21383095	1
chr22	21383536	21384036	1
chr22	21384083	21385236	1
chr22	21399434	21400599	1
chr22	21402875	21403375	1
chr22	21407048	21408278	1
chr22	21475116	21475616	1
chr22	21476296	21476796	1
chr22	21477628	21478524	1
chr22	21478660	21479160	1
chr22	21510333	21510833	2
chr22	21513715	21514215	2
chr22	21555384	21556454	1
chr22	21567296	21568421	1
chr22	21568522	21569349	1
chr22	21571072	21571572	1
chr22	21572955	21575076	1
chr22	21628437	21630341	1
chr22	21632084	21633046	1
chr22	21641395	21641895	1
chr22	21641913	21642502	1
chr22	21642677	21643440	1
chr22	21650683	21652375	1
chr22	21657311	21658276	1
chr22	21665039	21667028	1
chr22	21673053	21674348	1
chr22	21674487	21674987	1
chr22	21712809	21713613	1
chr22	21735021	21735521	1
chr22	21735584	21736206	1
chr22	21741213	21742181	1
chr22	21743362	21744695	1
chr22	21754477	21755625	1
chr22	21861325	21861825	1
chr22	21862803	21863303	1
chr22	21866011	21866511	1
chr22	21867111	21867978	1
chr22	21868024	21868901	1
chr22	21869475	21870337	1
chr22	21937624	21939164	1
chr22	21946494	21948948	1
chr22	21952030	21953539	1
chr22	21972243	21973557	1
chr22	21974987	21975487	1
chr22	21982577	21983577	1
chr22	21984807	21985606	1
chr22	21986420	21986920	1
chr22	22036070	22036570	1
chr22	22037722	22038767	1
chr22	22041953	22042453	1
chr22	22042884	22043384	1
chr22	22043406	22044184	1
chr22	22047715	22048215	1
chr22	22048998	22049498	1
chr22	22290812	22291312	1
chr22	22291479	22291979	1
chr22	22292133	22292857	1
chr22	22297156	22298554	1
chr22	22508034	22508534	1
chr22	22508561	22509437	1
chr22	22516759	22517259	1
chr22	22519031	22520009	1
chr22	22520031	22520621	1
chr22	22520636	22521415	1
chr22	22521495	22521995	1
chr22	22527239	22527739	1
chr22	22528795	22529295	1
chr22	22550421	22550921	2
chr22	22552610	22553110	2
chr22	22556961	22557461	2
chr22	22557519	22558865	2
chr22	22559065	22559611	2
chr22	22634726	22635690	1
chr22	22635798	22636298	1
chr22	22636299	22636799	1
chr22	22641699	22642911	1
chr22	22644291	22645203	1
chr22	22647597	22648757	1
chr22	22880576	22881076	1
chr22	22881090	22881590	1
chr22	22882203	22882703	1
chr22	22883875	22885482	1
chr22	22887354	22888433	1
chr22	22888441	22889488	1
chr22	22893234	22893734	1
chr22	22893816	22895088	1
chr22	23069577	23070603	1
chr22	23070612	23071267	1
chr22	23075651	23076294	1
chr22	23076746	23077246	1
chr22	23077788	23078288	1
chr22	23134875	23135375	1
chr22	23141237	23142310	1
chr22	23142426	23143044	1
chr22	23145026	23145575	1
chr22	23145790	23146428	1
chr22	23147520	23148020	1
chr22	23151786	23152838	1
chr22	23153802	23154735	1
chr22	23176074	23176574	1
chr22	23177108	23177608	1
chr22	23178367	23178867	1
chr22	23179243	23179892	1
chr22	23179949	23181040	1
chr22	23183281	23183781	1
chr22	23187186	23187686	1
chr22	23188202	23188702	1
chr22	23219734	23220842	1
chr22	23223459	23224300	1
chr22	23256975	23257475	1
chr22	23257910	23258683	1
chr22	23260389	23260889	1
chr22	23261766	23262515	1
chr22	23262516	23263443	1
chr22	23263713	23264663	1
chr22	23266989	23267489	1
chr22	23268141	23268641	1
chr22	23268888	23269388	1
chr22	23280825	23282223	1
chr22	23395030	23395530	1
chr22	23401963	23403073	1
chr22	23425456	23425956	1
chr22	23426143	23426643	1
chr22	23431292	23431792	1
chr22	23432560	23433060	1
chr22	23433196	23433813	1
chr22	23437662	23438680	1
chr22	23536062	23536740	1
chr22	23539515	23540015	1
chr22	23712017	23712517	1
chr22	23715995	23716495	1
chr22	23717124	23717673	1
chr22	23749717	23750217	1
chr22	23750842	23751395	1
chr22	23751545	23752420	1
chr22	23758975	23759475	1
chr22	23766587	23768691	1
chr22	23770923	23771423	3
chr22	23772564	23773068	1
chr22	23773573	23774073	1
chr22	23777726	23778226	1
chr22	23778287	23778994	1
chr22	23780979	23781928	1
chr22	23786239	23787619	1
chr22	23832384	23832884	1
chr22	23833866	23834366	1
chr22	23838427	23839437	1
chr22	23849112	23849950	2
chr22	23888243	23889195	1
chr22	23893567	23894627	1
chr22	23894725	23895796	1
chr22	23929980	23930969	1
chr22	23966024	23967622	1
chr22	23973803	23974303	1
chr22	23974321	23975311	1
chr22	24011039	24011564	1
chr22	24012284	24013618	1
chr22	24018878	24019378	1
chr22	24175080	24175580	1
chr22	24178437	24178937	1
chr22	24180149	24181725	1
chr22	24182425	24183132	1
chr22	24185802	24186707	1
chr22	24187836	24188336	1
chr22	24189597	24190097	1
chr22	24259181	24260099	2
chr22	24262350	24263168	2
chr22	24264153	24264867	2
chr22	24270522	24271066	2
chr22	24272006	24272506	2
chr22	24274634	24275134	2
chr22	24554367	24554867	1
chr22	24555057	24556157	2
chr22	24583701	24584829	1
chr22	24585919	24586419	1
chr22	24586932	24587432	1
chr22	24592029	24593422	1
chr22	24607363	24607863	1
chr22	24628565	24629461	1
chr22	24630741	24631241	1
chr22	24632066	24632566	1
chr22	24632602	24633630	1
chr22	24650483	24651350	1
chr22	24651479	24651979	1
chr22	24802934	24803434	1
chr22	24805947	24806470	1
chr22	25447043	25447543	1
chr22	25447777	25449015	1
chr22	25452260	25452760	1
chr22	25563800	25565143	1
chr22	25565166	25565666	1
chr22	25566819	25567541	1
chr22	25725793	25727131	1
chr22	25735363	25736051	1
chr22	25740858	25742393	1
chr22	25742759	25743470	1
chr22	25747259	25747889	1
chr22	25748995	25750255	1
chr22	25759299	25760261	1
chr22	26428444	26429997	1
chr22	26479072	26480261	2
chr22	26482996	26483496	2
chr22	26483613	26484133	2
chr22	26484320	26484820	2
chr22	26484978	26485478	2
chr22	26485680	26486180	2
chr22	26493214	26494071	2
chr22	26500481	26500981	2
chr22	26508725	26509225	2
chr22	26512256	26512781	2
chr22	26518294	26519159	2
chr22	26586428	26586928	1
chr22	26588185	26589149	1
chr22	26589164	26589664	1
chr22	26589875	26590813	1
chr22	26596907	26597706	1
chr22	26658292	26659292	1
chr22	26665066	26665907	1
chr22	26668882	26669382	1
chr22	26672064	26673994	1
chr22	26678940	26679440	1
chr22	27913152	27914003	2
chr22	27918646	27920495	2
chr22	28670159	28670659	1
chr22	28673990	28674490	1
chr22	28675274	28675774	1
chr22	28678191	28678691	1
chr22	28678749	28680228	1
chr22	28680733	28681403	1
chr22	28740057	28740557	2
chr22	28741196	28742741	2
chr22	28748672	28750363	2
chr22	28765335	28765835	1
chr22	28772416	28773649	1
chr22	28778194	28778694	1
chr22	28779023	28779523	1
chr22	28795033	28795533	1
chr22	28799203	28799703	1
chr22	28799996	28800871	1
chr22	28801349	28801983	1
chr22	28802154	28802654	1
chr22	28882599	28884180	3
chr22	29030026	29030526	1
chr22	29030642	29031757	1
chr22	29031791	29032415	1
chr22	29065411	29065911	1
chr22	29066144	29066644	1
chr22	29067520	29068020	1
chr22	29072679	29073717	1
chr22	29078004	29078504	1
chr22	29078785	29079285	1
chr22	29195535	29196372	1
chr22	29202152	29202925	1
chr22	29204489	29204989	1
chr22	29205614	29206309	1
chr22	29206314	29206814	1
chr22	29210761	29211261	1
chr22	29260282	29260782	2
chr22	29260954	29261454	2
chr22	29267100	29267600	2
chr22	29267693	29268837	2
chr22	29270316	29270816	2
chr22	29273579	29274461	2
chr22	29303540	29304040	1
chr22	29306083	29307574	1
chr22	29309216	29309716	1
chr22	29310903	29311403	1
chr22	29382649	29383641	1
chr22	29383670	29384170	1
chr22	29387717	29389255	1
chr22	29393168	29393668	1
chr22	29545041	29546036	1
chr22	29553497	29554049	1
chr22	29554135	29554635	1
chr22	29579795	29581587	1
chr22	29588161	29588661	1
chr22	29597052	29597801	1
chr22	29603238	29603805	1
chr22	29609061	29609561	1
chr22	29766185	29766685	1
chr22	29766730	29767618	2
chr22	29772233	29772733	2
chr22	29773202	29774047	2
chr22	29780806	29781724	2
chr22	29820850	29821790	1
chr22	29830305	29830805	1
chr22	29831420	29831920	1
chr22	29832071	29833012	1
chr22	29838054	29838583	1
chr22	29840482	29840982	1
chr22	29842638	29843138	1
chr22	29879717	29880217	1
chr22	29882867	29883905	1
chr22	30255756	30256256	1
chr22	30262787	30263783	1
chr22	30284165	30284665	1
chr22	30286771	30287271	2
chr22	30287914	30288414	2
chr22	30289377	30289987	1
chr22	30290352	30291407	1
chr22	30325037	30325537	1
chr22	30326283	30327271	1
chr22	30327644	30328357	1
chr22	30332715	30333438	1
chr22	30356384	30357197	2
chr22	30357258	30357758	1
chr22	30362211	30363775	2
chr22	30386617	30387705	1
chr22	30391037	30391848	1
chr22	30421568	30422068	1
chr22	30422785	30423285	1
chr22	30423481	30424380	1
chr22	30425372	30426034	1
chr22	30426398	30426898	1
chr22	30432068	30432568	1
chr22	30591039	30591539	1
chr22	30591655	30592475	1
chr22	30597090	30597968	1
chr22	30605435	30605935	1
chr22	30606356	30607425	1
chr22	30607898	30608398	1
chr22	30608647	30609147	1
chr22	30609260	30610123	2
chr22	30634992	30636064	1
chr22	30649335	30649835	1
chr22	30667607	30668140	1
chr22	30674036	30674931	1
chr22	30962822	30963322	2
chr22	30968037	30968832	2
chr22	30968934	30969460	1
chr22	30969498	30969998	1
chr22	31080680	31081545	1
chr22	31081559	31082059	1
chr22	31082560	31083060	1
chr22	31084114	31085568	3
chr22	31088762	31089555	1
chr22	31102414	31102914	1
chr22	31107337	31107964	1
chr22	31112611	31113111	1
chr22	31148939	31149439	1
chr22	31159901	31160778	1
chr22	31169660	31170160	1
chr22	31241130	31241824	1
chr22	31241930	31242430	1
chr22	31243744	31244399	1
chr22	31248047	31248611	1
chr22	31249080	31249580	1
chr22	31253043	31253842	1
chr22	31253861	31254361	1
chr22	31289770	31290516	1
chr22	31290567	31291067	1
chr22	31291409	31292784	1
chr22	31293618	31294118	1
chr22	31295784	31296284	1
chr22	31345770	31347065	2
chr22	31350411	31350911	2
chr22	31351878	31352378	2
chr22	31352545	31353221	2
chr22	31391834	31392334	1
chr22	31393886	31394386	1
chr22	31399284	31400153	1
chr22	31488837	31490138	1
chr22	31490407	31490907	2
chr22	31495888	31497067	1
chr22	31656288	31656788	1
chr22	31660754	31661464	1
chr22	31662030	31662814	1
chr22	31665589	31666089	1
chr22	31749884	31750442	1
chr22	31752875	31753375	2
chr22	31753654	31754272	1
chr22	31872232	31872732	1
chr22	31895266	31896236	1
chr22	31935814	31936767	1
chr22	31937312	31937812	1
chr22	31943773	31944742	1
chr22	31944870	31945612	2
chr22	32411725	32412855	1
chr22	32413734	32414571	1
chr22	32469777	32470277	1
chr22	32473303	32473803	1
chr22	32474463	32474963	1
chr22	32474986	32475883	1
chr22	32480124	32481080	1
chr22	32482703	32483203	1
chr22	35229852	35230352	1
chr22	35230806	35231335	1
chr22	35231417	35231917	1
chr22	35256870	35258054	1
chr22	35258598	35259098	1
chr22	35299182	35300941	1
chr22	35301474	35301974	1
chr22	35371476	35372277	1
chr22	35394845	35395345	1
chr22	35399028	35399528	1
chr22	35399773	35400698	1
chr22	35405993	35406951	1
chr22	35407176	35407676	1
chr22	35835822	35836703	1
chr22	35839771	35840271	1
chr22	35840308	35840833	1
chr22	35842891	35843391	1
chr22	36232152	36233041	1
chr22	36238404	36239282	1
chr22	36239373	36239893	1
chr22	36240023	36240523	1
chr22	36247905	36248405	1
chr22	36252788	36253795	1
chr22	36254019	36254519	1
chr22	36254603	36255341	2
chr22	36258673	36259173	1
chr22	36259238	36259738	1
chr22	36368384	36369310	1
chr22	36383140	36383640	1
chr22	36386347	36387814	1
chr22	36387817	36388373	1
chr22	36394244	36394744	1
chr22	36478939	36479439	1
chr22	36479982	36480482	1
chr22	36481369	36482378	1
chr22	36486571	36487071	1
chr22	36506179	36507362	1
chr22	36510915	36511415	1
chr22	36522746	36523685	1
chr22	36528980	36529636	1
chr22	36529731	36530231	1
chr22	36694806	36695587	1
chr22	36700884	36701384	1
chr22	36703294	36704125	1
chr22	36773873	36774373	1
chr22	36775883	36776664	1
chr22	36781933	36782613	1
chr22	36901344	36901844	1
chr22	36905175	36905911	1
chr22	36907172	36908091	1
chr22	36913351	36914315	1
chr22	36918677	36919177	1
chr22	37014722	37015222	2
chr22	37016020	37016520	2
chr22	37018699	37019199	2
chr22	37019203	37019996	2
chr22	37020036	37020536	1
chr22	37021892	37022392	2
chr22	37045979	37046479	1
chr22	37046820	37047320	1
chr22	37051453	37052458	1
chr22	37053997	37054497	1
chr22	37054537	37055037	1
chr22	37059418	37060365	1
chr22	37242470	37243391	1
chr22	37244049	37244583	1
chr22	37480512	37481012	1
chr22	37481321	37481821	1
chr22	37484136	37484942	1
chr22	37485002	37485502	1
chr22	37485849	37487168	1
chr22	37492760	37493260	1
chr22	37498306	37498806	1
chr22	37511854	37512354	1
chr22	37512463	37512963	1
chr22	37518820	37519727	1
chr22	37520787	37521287	1
chr22	37524958	37526259	1
chr22	37545065	37546403	1
chr22	37552651	37553574	1
chr22	37560174	37562141	1
chr22	37563159	37563659	1
chr22	37567229	37567729	1
chr22	37568015	37568857	1
chr22	37569375	37569875	1
chr22	37601128	37602039	1
chr22	37602125	37602625	1
chr22	37606973	37609413	1
chr22	37630964	37631464	1
chr22	37632610	37633110	1
chr22	37633113	37634108	1
chr22	37634473	37634973	1
chr22	37636316	37636816	1
chr22	37639362	37640892	1
chr22	37642582	37643082	1
chr22	37643239	37643739	1
chr22	37657538	37658038	1
chr22	37658127	37659271	2
chr22	37660989	37661489	2
chr22	37667973	37668473	1
chr22	37674849	37676311	1
chr22	37677059	37677559	4
chr22	37680881	37681986	2
chr22	37686055	37686586	1
chr22	37696662	37697162	1
chr22	37742344	37742844	1
chr22	37745860	37746483	1
chr22	37746749	37747829	1
chr22	37749661	37750161	1
chr22	37751711	37752211	1
chr22	37752398	37752898	1
chr22	37801911	37803685	1
chr22	37806418	37807413	1
chr22	37807595	37808154	1
chr22	37817232	37818067	1
chr22	37843696	37844659	1
chr22	37848614	37849114	1
chr22	37849117	37849621	1
chr22	37904547	37905827	1
chr22	37905897	37906476	1
chr22	37913124	37913624	1
chr22	37933120	37934350	1
chr22	37946016	37946879	2
chr22	37951280	37951780	2
chr22	37952460	37953912	2
chr22	37954200	37954700	2
chr22	38052226	38052726	1
chr22	38056911	38057955	1
chr22	38175931	38176651	1
chr22	38177964	38178464	1
chr22	38179982	38180482	1
chr22	38180868	38182118	1
chr22	38184684	38185184	1
chr22	38188835	38189335	1
chr22	38196753	38197253	1
chr22	38201301	38202819	1
chr22	38203113	38203613	1
chr22	38214337	38215103	1
chr22	38266060	38266560	1
chr22	38267034	38267534	1
chr22	38272030	38272530	1
chr22	38272766	38273960	1
chr22	38275940	38276440	1
chr22	38277200	38277700	1
chr22	38278698	38279198	1
chr22	38316866	38318712	1
chr22	38397079	38397579	2
chr22	38397661	38398161	1
chr22	38398272	38399176	2
chr22	38412271	38413921	2
chr22	38454595	38456396	1
chr22	38461468	38461968	1
chr22	38463080	38463824	1
chr22	38467370	38468311	1
chr22	38468341	38468841	1
chr22	38473896	38474651	1
chr22	38504680	38505180	1
chr22	38505548	38506706	1
chr22	38512518	38513018	1
chr22	38513019	38513519	1
chr22	38514536	38515036	1
chr22	38569250	38571232	2
chr22	38572086	38572586	2
chr22	38655711	38657173	2
chr22	38657191	38657951	2
chr22	38681004	38681504	1
chr22	38681657	38682198	1
chr22	38684813	38685313	1
chr22	38697348	38697848	1
chr22	38700204	38701600	1
chr22	38705340	38706051	1
chr22	38706145	38706645	1
chr22	38707310	38707810	2
chr22	38712442	38712942	1
chr22	38713822	38714990	1
chr22	38754372	38755334	1
chr22	38755335	38756634	1
chr22	38760641	38761141	1
chr22	38761849	38762349	1
chr22	38764027	38764809	1
chr22	38785299	38786378	1
chr22	38786415	38786915	1
chr22	38788299	38788799	1
chr22	38792772	38793849	1
chr22	38793906	38794436	1
chr22	38837103	38837979	1
chr22	38843219	38843719	1
chr22	38843762	38844345	1
chr22	38846937	38847437	1
chr22	38868780	38869280	1
chr22	38870189	38870689	1
chr22	38871209	38871709	1
chr22	38872080	38872584	1
chr22	38872648	38873350	1
chr22	38873971	38874471	1
chr22	38980989	38982648	1
chr22	38984188	38985456	1
chr22	39012499	39013529	2
chr22	39013909	39014993	1
chr22	39019970	39020470	1
chr22	39020721	39022387	1
chr22	39027108	39028025	1
chr22	39029525	39030413	1
chr22	39039270	39039770	1
chr22	39040417	39041042	1
chr22	39072435	39072935	1
chr22	39076153	39076653	1
chr22	39076754	39077391	1
chr22	39077538	39078038	1
chr22	39145092	39145977	1
chr22	39152400	39153430	1
chr22	39310881	39311381	1
chr22	39311414	39312498	1
chr22	39316334	39316834	1
chr22	39319415	39319927	1
chr22	39320088	39320948	1
chr22	39341099	39341599	1
chr22	39343440	39343940	1
chr22	39343969	39344469	1
chr22	39349616	39350663	1
chr22	39351649	39352149	1
chr22	39388151	39388651	1
chr22	39396319	39397037	1
chr22	39398908	39399408	1
chr22	39399498	39400003	1
chr22	39451852	39453089	1
chr22	39453741	39454241	1
chr22	39456775	39458381	1
chr22	39462326	39462826	1
chr22	39463901	39465393	1
chr22	39495356	39495976	1
chr22	39496283	39496783	1
chr22	39500879	39502875	1
chr22	39507938	39508850	1
chr22	39519209	39521346	1
chr22	39522734	39523234	1
chr22	39525108	39525608	1
chr22	39526676	39527176	1
chr22	39529130	39529630	2
chr22	39530663	39531163	1
chr22	39532153	39533111	1
chr22	39534553	39535197	1
chr22	40175534	40176034	1
chr22	40176972	40177472	1
chr22	40177624	40178174	1
chr22	40178536	40179464	1
chr22	40182794	40183556	1
chr22	40189962	40191331	1
chr22	40328983	40329893	1
chr22	40345735	40347411	1
chr22	40348036	40348536	1
chr22	40370311	40371178	1
chr22	40371546	40372046	1
chr22	40375569	40376069	1
chr22	40383883	40384383	1
chr22	40636092	40637570	1
chr22	40641177	40641677	1
chr22	40651569	40652397	1
chr22	40813932	40814432	1
chr22	40817071	40817571	1
chr22	40818659	40819693	1
chr22	40820644	40821144	1
chr22	40855063	40855563	2
chr22	40855918	40857330	2
chr22	40863976	40864476	2
chr22	40950963	40952360	1
chr22	41091381	41091881	2
chr22	41092267	41092859	1
chr22	41186744	41187647	1
chr22	41196813	41197789	1
chr22	41198145	41198645	1
chr22	41204640	41205558	1
chr22	41205569	41206069	1
chr22	41210672	41211618	1
chr22	41217661	41218583	1
chr22	41285331	41285831	1
chr22	41286001	41287058	1
chr22	41288172	41288672	1
chr22	41289525	41290025	1
chr22	41301252	41301786	1
chr22	41302150	41303018	1
chr22	41303251	41304198	1
chr22	41304288	41304788	1
chr22	41308561	41309061	1
chr22	41380224	41380724	1
chr22	41380851	41382828	1
chr22	41412856	41414817	1
chr22	41444288	41444788	1
chr22	41445356	41445856	1
chr22	41446079	41448175	1
chr22	41448312	41448812	3
chr22	41468454	41469691	2
chr22	41535202	41535702	1
chr22	41539819	41540319	1
chr22	41543737	41544237	1
chr22	41544239	41545321	1
chr22	41588009	41588509	1
chr22	41588903	41590167	1
chr22	41618853	41619353	2
chr22	41620113	41621412	2
chr22	41621487	41621987	2
chr22	41681598	41682098	1
chr22	41682252	41683392	1
chr22	41688007	41688507	1
chr22	41688625	41689833	1
chr22	41799486	41800229	1
chr22	41800335	41801206	1
chr22	41801429	41801929	1
chr22	41808343	41808843	1
chr22	41825111	41825796	1
chr22	41832586	41833328	1
chr22	41833434	41833934	1
chr22	41845392	41846335	1
chr22	41907702	41908548	1
chr22	41908609	41909465	1
chr22	41909473	41909973	1
chr22	41910034	41910534	1
chr22	41913325	41913825	1
chr22	41914380	41915355	1
chr22	41917875	41918573	1
chr22	41919676	41920176	1
chr22	41925246	41925746	1
chr22	41925983	41926483	1
chr22	41926520	41927067	1
chr22	41927890	41928390	1
chr22	41930291	41930791	1
chr22	41933916	41934634	1
chr22	41939893	41940393	1
chr22	41940723	41941685	1
chr22	41946072	41946572	1
chr22	41946642	41947414	1
chr22	41950817	41951317	1
chr22	42069916	42071465	1
chr22	42078758	42079258	1
chr22	42079358	42080248	1
chr22	42080286	42080786	1
chr22	42089897	42090663	2
chr22	42090682	42091205	2
chr22	42262865	42263365	1
chr22	42263490	42263990	1
chr22	42269502	42270004	1
chr22	42270100	42270940	1
chr22	42362786	42363286	1
chr22	42363442	42363942	1
chr22	42367714	42368214	1
chr22	42368229	42368729	1
chr22	42368958	42369609	1
chr22	42495637	42496137	1
chr22	42498639	42499139	1
chr22	42500037	42500828	1
chr22	42502216	42502716	1
chr22	42510298	42510798	1
chr22	42511316	42513670	1
chr22	42519194	42520100	1
chr22	42520661	42521584	1
chr22	42532848	42533724	2
chr22	42537327	42537827	1
chr22	42539300	42539800	1
chr22	42544662	42545478	1
chr22	42551957	42552457	2
chr22	42553611	42554119	1
chr22	42555532	42556032	1
chr22	42575320	42576034	1
chr22	42576684	42577184	1
chr22	42581088	42581588	1
chr22	42581761	42582677	1
chr22	42587051	42587551	1
chr22	42612778	42613278	1
chr22	42614390	42615616	1
chr22	42615898	42616398	1
chr22	42642708	42643208	1
chr22	42646739	42647337	1
chr22	42648303	42648803	1
chr22	42648960	42649686	1
chr22	42653891	42654391	1
chr22	42856236	42856736	1
chr22	42856740	42857652	1
chr22	42863179	42863679	1
chr22	42867359	42868203	1
chr22	43080367	43081187	1
chr22	43085721	43086221	1
chr22	43089167	43089678	1
chr22	43090109	43090609	1
chr22	43103187	43104744	1
chr22	43110107	43111487	1
chr22	43114510	43115010	1
chr22	43115200	43115700	1
chr22	43118349	43119073	1
chr22	43119501	43120001	1
chr22	43135641	43136141	1
chr22	43136198	43136698	1
chr22	43143147	43143667	1
chr22	43151219	43152485	1
chr22	43152516	43153488	2
chr22	43156946	43157446	1
chr22	43163719	43164219	1
chr22	43183439	43184250	1
chr22	43184350	43184850	1
chr22	43186613	43187760	1
chr22	43273835	43274335	1
chr22	43275466	43276191	1
chr22	43278194	43278694	1
chr22	43293317	43294625	1
chr22	43811789	43812594	1
chr22	43819743	43820243	1
chr22	43922083	43922583	1
chr22	43923458	43924153	1
chr22	43945814	43946713	1
chr22	43955130	43955654	1
chr22	43957781	43958281	1
chr22	43969474	43969974	1
chr22	44015281	44015781	1
chr22	44015919	44016690	1
chr22	44017620	44018120	1
chr22	44020884	44021384	1
chr22	44021456	44021956	1
chr22	44023968	44025172	1
chr22	44025556	44026056	1
chr22	44026667	44027299	1
chr22	44489951	44490848	1
chr22	44491156	44492000	1
chr22	44497552	44498634	1
chr22	44668203	44668886	1
chr22	44669160	44670100	1
chr22	44671365	44672182	1
chr22	44675195	44675695	1
chr22	44676324	44677151	1
chr22	44681871	44682371	1
chr22	44684303	44685840	2
chr22	44697330	44697830	1
chr22	44701376	44702447	1
chr22	44702684	44703184	1
chr22	44708236	44708736	1
chr22	44708931	44709431	1
chr22	45159611	45160111	2
chr22	45162743	45164873	2
chr22	45169902	45170570	2
chr22	45301378	45301878	1
chr22	45301973	45302473	1
chr22	45309532	45310153	1
chr22	45313972	45314472	1
chr22	45671547	45672868	1
chr22	45673807	45674307	1
chr22	45677722	45678222	1
chr22	46002702	46003202	1
chr22	46006113	46007862	1
chr22	46012800	46013907	2
chr22	46013922	46014422	1
chr22	46035568	46036228	2
chr22	46084896	46086246	1
chr22	46086661	46087161	1
chr22	46087802	46088302	1
chr22	46094389	46095195	1
chr22	46116383	46117378	1
chr22	46149429	46149929	1
chr22	46150171	46150845	1
chr22	46150973	46151473	1
chr22	46249719	46250569	1
chr22	46250657	46251511	1
chr22	46254237	46254737	1
chr22	46256157	46256657	1
chr22	46267675	46268213	1
chr22	46268500	46269297	1
chr22	46273305	46273805	1
chr22	46295706	46297032	2
chr22	46297095	46297595	2
chr22	46302284	46302784	2
chr22	46331661	46332161	1
chr22	46334361	46335010	1
chr22	46335150	46335922	1
chr22	46335964	46336464	1
chr22	46734931	46735431	1
chr22	46737589	46738564	1
chr22	46738606	46739540	1
chr22	46753582	46754865	2
chr22	46758767	46759267	1
chr22	46761945	46762866	1
chr22	46762932	46763432	1
chr22	46769418	46769918	1
chr22	46773490	46774321	1
chr22	47626858	47627358	2
chr22	47631063	47632245	2
chr22	49650495	49650995	1
chr22	49656753	49658438	1
chr22	49669206	49670128	1
chr22	49807998	49808498	1
chr22	49820369	49821284	1
chr22	49825857	49828497	1
chr22	49833531	49834031	1
chr22	49838485	49839189	1
chr22	49845215	49846431	1
chr22	49847943	49848788	1
chr22	49852746	49853246	1
chr22	49853504	49854588	1
chr22	49855281	49855781	1
chr22	49917400	49917900	2
chr22	49918208	49918879	2
chr22	49929327	49929948	2
chr22	49934087	49935056	2
chr22	49935885	49936385	3
chr22	49945355	49945855	1
chr22	49960119	49960941	1
chr22	49961301	49961801	1
chr22	49962185	49962685	1
chr22	49966933	49967433	1
chr22	49970319	49971198	1
chr22	49971309	49971809	1
chr22	50167563	50168063	1
chr22	50169933	50171175	1
chr22	50171232	50171732	1
chr22	50173153	50173653	1
chr22	50175895	50176395	1
chr22	50183871	50184371	1
chr22	50185646	50186161	1
chr22	50186277	50187216	1
chr22	50189725	50190747	2
chr22	50199219	50199719	1
chr22	50199976	50201978	1
chr22	50206757	50207257	1
chr22	50207538	50208038	1
chr22	50209202	50210734	1
chr22	50234763	50235560	1
chr22	50241057	50242006	2
chr22	50244350	50245303	1
chr22	50247677	50248177	2
chr22	50250619	50251655	1
chr22	50252051	50252551	1
chr22	50253460	50253960	1
chr22	50260757	50261469	1
chr22	50261525	50262060	1
chr22	50262464	50262964	3
chr22	50269913	50271161	1
chr22	50271590	50272090	3
chr22	50274305	50274805	1
chr22	50276086	50276586	1
chr22	50277285	50277785	1
chr22	50304481	50304981	1
chr22	50305818	50306318	1
chr22	50307013	50308366	1
chr22	50308479	50308979	1
chr22	50314333	50315177	2
chr22	50318844	50320336	2
chr22	50326514	50327337	1
chr22	50327461	50327961	1
chr22	50330342	50331261	2
chr22	50339621	50341014	2
chr22	50341917	50343566	1
chr22	50348358	50349197	1
chr22	50469771	50470271	1
chr22	50473129	50473629	1
chr22	50474279	50475361	1
chr22	50481285	50482140	1
chr22	50484960	50486175	2
chr22	50498156	50498985	4
chr22	50507456	50509049	2
chr22	50509748	50510248	2
chr22	50524786	50525286	1
chr22	50525355	50526736	1
chr22	50526786	50527286	1
chr22	50533343	50533843	1
chr22	50534095	50534754	1
chr22	50539151	50540027	1
chr22	50561981	50562481	1
chr22	50562660	50563634	1
chr22	50576020	50576520	3
chr22	50582324	50583275	3
chr22	50589142	50590124	3
chr22	50596928	50597428	1
chr22	50600046	50601461	1
chr22	50605144	50606598	1
chr22	50607041	50607541	1
chr22	50612627	50613127	1
chr22	50613611	50614111	1
chr22	50619813	50620806	1
chr22	50621172	50622786	1
chr22	50627241	50628488	1
chr22	50753550	50754050	1
chr22	50756427	50757450	1
chr22	50759956	50760456	1
chr22	50762336	50762836	1
chr22	50763638	50764138	1
chr22	50769762	50770262	1
chr22	50771041	50771541	1
chr22	50775099	50775599	2
chr22	50783409	50783970	1
chr22	50786915	50787415	2
