MedianEnhPerGene	4.0
StdEnhPerGene	1.8735669267701323
MedianGenePerEnh	1.0
StdGenePerEnh	0.43644293044866384
MeanEnhPerGene	4.3734567901234565
MeanGenePerEnh	1.1672158154859966
MedianEGDist	3272.0
MeanEGDist	106448.68560338744
StdEGDist	492799.1797072707
NumEnhancersPerChrom	1417.0
MeanEnhancersPerChrom	1417.0
NumEnhancers	1214
EG10th	127.39999999999998
EG90th	17086.800000000007
NumPeaks	19137
MedWidth	500.0
MeanWidth	618.9451847206981
StdWidth	250.2105849595771
NumCandidate	19137
MedWidthCandidate	500.0
MeanWidthCandidate	618.9451847206981
StdWidthCandidate	250.2105849595771
countsEnhancers_ATAC	1920327
countsGeneTSS_ATAC	698932
countsGenes_ATAC	1465200
