narrowPeak tests/test_output/generic/K562_chr16/Peaks/macs2_peaks.narrowPeak.sorted
bam example_chr/chr16/dhs.sorted.bam
chrom_sizes reference/hg38/chr_sizes
outDir tests/test_output/generic/K562_chr16/Peaks
nStrongestPeaks 150000
peakExtendFromSummit 250
ignoreSummits False
minPeakWidth 500
regions_includelist example_chr/chr16/RefSeqCurated.170308.bed.CollapsedGeneBounds.chr16.hg38.TSS500bp.bed
regions_blocklist reference/hg38/hg38.blacklist.bed
