enhancers results/K562/Neighborhoods/EnhancerList.txt
genes results/K562/Neighborhoods/GeneList.txt
outdir results/K562/Predictions
window 5000000
score_column ABC.Score
threshold 0.02
cellType K562
chrom_sizes reference/hg38/chr_sizes
HiCdir example_chr22/input_data/HiC
hic_resolution 5000
tss_hic_contribution 100
hic_pseudocount_distance 1000000.0
hic_type juicebox
hic_is_doubly_stochastic False
scale_hic_using_powerlaw True
hic_gamma 5.522049023040861
hic_scale 1.0044322152129264
hic_gamma_reference 0.87
run_all_genes False
expression_cutoff 1
promoter_activity_quantile_cutoff 0.4
make_all_putative True
use_hdf5 False
tss_slop 500
chromosomes all
include_chrY False
include_self_promoter True
