TargetGene	0
A4GALT	1
ACO2	16
ACR	1
ADA2	2
ADM2	6
ADORA2A	1
ADORA2A-AS1	1
ADSL	13
AIFM3	11
ALG12	1
ANKRD54	9
ANKRD62P1-PARP4P3	1
AP1B1	18
AP1B1P1	1
APOBEC3A	2
APOBEC3A_B	2
APOBEC3B	16
APOBEC3B-AS1	1
APOBEC3C	16
APOBEC3D	14
APOBEC3F	12
APOBEC3G	11
APOBEC3H	19
APOL1	19
APOL2	17
APOL3	1
APOL4	1
APOL5	1
APOL6	10
ARFGAP3	16
ARHGAP8	1
ARSA	12
ARVCF	5
ASCC2	15
ASPHD2	12
ATF4	12
ATP5L2	1
ATP6V1E1	1
ATXN10	11
BAIAP2L2	17
BCL2L13	7
BCR	3
BCRP2	12
BCRP3	1
BID	5
BIK	1
BMS1P20	15
BPIFC	1
BRD1	1
C1QTNF6	1
C22orf15	18
C22orf23	17
C22orf24	14
C22orf29	7
C22orf31	1
C22orf34	8
C22orf39	3
C22orf42	1
C22orf46	1
CABIN1	10
CABP7	1
CACNA1I	1
CACNG2	1
CARD10	18
CASTOR1	17
CBX6	15
CBX7	12
CBY1	9
CCDC116	1
CCDC117	17
CCDC134	13
CCDC157	20
CCDC188	1
CCT8L2	1
CDC42EP1	9
CDC45	4
CDPF1	7
CECR2	1
CECR3	1
CECR6	1
CECR7	1
CELSR1	1
CENPM	13
CERK	11
CES5AP1	1
CHADL	1
CHCHD10	14
CHEK2	8
CHKB	17
CHKB-AS1	17
CHKB-CPT1B	17
CLDN5	5
CLTCL1	3
COMT	4
CPT1B	1
CRELD2	1
CRKL	11
CRYBA4	17
CRYBB1	14
CRYBB2	1
CRYBB2P1	14
CRYBB3	1
CSDC2	1
CSF2RB	1
CSNK1E	14
CYB5R3	1
CYP2D6	1
CYP2D7	3
CYTH4	2
DDT	1
DDTL	1
DDX17	14
DENND6B	1
DEPDC5	8
DERL3	16
DESI1	12
DGCR10	4
DGCR11	2
DGCR14	2
DGCR2	3
DGCR5	1
DGCR6	1
DGCR6L	9
DGCR8	7
DGCR9	2
DMC1	15
DNAJB7	1
DNAL4	17
DRG1	15
DRICH1	1
DUSP18	12
DUXAP8	1
EFCAB6	15
EFCAB6-AS1	1
EIF3D	10
EIF3L	14
EIF4ENIF1	13
ELFN2	1
EMID1	18
ENTHD1	1
EP300	14
EP300-AS1	17
EWSR1	16
FAM109B	1
FAM118A	12
FAM19A5	1
FAM227A	9
FAM230A	1
FAM230B	1
FAM83F	1
FBLN1	2
FBXO7	13
FBXW4P1	4
FOXRED2	13
GAB4	1
GAL3ST1	1
GALR3	1
GAS2L1	18
GCAT	13
GGA1	4
GGT1	1
GGT3P	1
GGT5	1
GGTLC2	2
GNAZ	2
GNB1L	7
GP1BB	4
GRAMD4	17
GRAP2	1
GRK3	20
GSC2	1
GTPBP1	9
GTSE1	3
GTSE1-AS1	3
GUCD1	10
GUSBP11	14
H1F0	1
HDAC10	1
HDHD5	2
HDHD5-AS1	12
HIC2	2
HIRA	4
HMGXB4	1
HMOX1	1
HORMAD2	1
HORMAD2-AS1	1
HPS4	14
HSCB	8
HSFY1P1	1
IFT27	11
IGLL1	2
IGLL3P	1
IGLL5	2
IL17RA	1
IL17REL	1
IL2RB	1
INPP5J	1
ISX	10
ISX-AS1	1
JOSD1	9
KCNJ4	19
KCTD17	1
KDELR3	19
KIAA0930	1
KIAA1644	1
KIAA1656	1
KIAA1671	2
KLHDC7B	1
KLHL22	8
KREMEN1	16
L3MBTL2	16
LARGE-AS1	1
LARGE1	1
LDOC1L	15
LGALS1	12
LGALS2	1
LIF	2
LIMK2	16
LINC00207	1
LINC00229	1
LINC00528	10
LINC00634	1
LINC00895	2
LINC00896	2
LINC00898	16
LINC00899	1
LINC01297	1
LINC01310	1
LINC01311	6
LINC01315	17
LINC01399	9
LINC01422	1
LINC01521	18
LINC01589	1
LINC01634	12
LINC01637	2
LINC01640	1
LINC01644	1
LINC01656	1
LINC01658	1
LINC01659	19
LINC01660	1
LINC01662	1
LINC01663	1
LINC01664	14
LINC01665	1
LL22NC01-81G9.3	1
LL22NC03-63E9.3	3
LMF2	16
LOC100128531	1
LOC100130899	1
LOC100506271	1
LOC100506472	1
LOC100506679	1
LOC100507599	15
LOC100507657	1
LOC100996335	1
LOC100996415	1
LOC101927051	13
LOC101927257	1
LOC101927447	1
LOC101929372	1
LOC101929829	1
LOC102725072	1
LOC105372977	1
LOC105373021	1
LOC105373031	15
LOC105373044	1
LOC105373051	2
LOC105373100	1
LOC105379550	1
LOC284865	6
LOC284898	1
LOC284930	16
LOC284933	1
LOC339666	1
LOC339685	1
LOC400927	13
LOC400927-CSNK1E	13
LOC730668	1
LRP5L	1
LRRC74B	8
LRRC75B	1
LZTR1	3
MAFF	8
MAPK1	3
MAPK11	2
MAPK12	1
MAPK8IP2	1
MB	1
MCAT	12
MCHR1	1
MCM5	5
MED15	6
MEI1	1
MFNG	1
MGAT3	13
MGAT3-AS1	18
MIAT	15
MIATNB	12
MICAL3	1
MICALL1	17
MIEF1	12
MIF	13
MIF-AS1	16
MIOX	1
MIRLET7BHG	6
MKL1	9
MLC1	13
MMP11	11
MN1	1
MORC2	20
MORC2-AS1	1
MOV10L1	1
MPPED1	2
MPST	14
MRPL40	4
MTFP1	13
MTMR3	13
MYH9	5
MYO18B	10
NAGA	13
NCAPH2	16
NCF4	1
NDUFA6	1
NDUFA6-AS1	1
NEFH	12
NF2	18
NFAM1	1
NIPSNAP1	19
NOL12	14
NPTXR	11
NUP50	13
NUP50-AS1	13
ODF3B	1
OGFRP1	16
OR11H1	1
OSBP2	15
OSM	2
P2RX6	22
P2RX6P	14
PACSIN2	11
PANX2	2
PARVB	16
PARVG	1
PATZ1	18
PDGFB	1
PDXP	12
PES1	14
PEX26	9
PHF21B	1
PHF5A	16
PI4KA	4
PI4KAP1	1
PI4KAP2	1
PICK1	12
PIK3IP1	1
PIK3IP1-AS1	1
PIM3	14
PISD	17
PITPNB	17
PIWIL3	1
PKDREJ	1
PLA2G3	1
PLA2G6	11
PLXNB2	1
PMM1	10
PNPLA3	16
PNPLA5	1
POLDIP3	15
POLR2F	17
POLR3H	8
POM121L10P	1
POM121L1P	1
POM121L4P	1
POM121L8P	1
POM121L9P	1
POTEH	1
PPARA	12
PPIL2	10
PPM1F	3
PPP6R2	1
PRAME	3
PRAMENP	9
PRODH	1
PRR14L	8
PRR34	2
PRR34-AS1	1
PRR5	1
PRR5-ARHGAP8	18
PVALB	1
RAB36	1
RABL2B	8
RAC2	12
RANBP1	3
RANGAP1	6
RASD2	1
RASL10A	1
RBFOX2	12
RBX1	13
RFPL1	2
RFPL1S	1
RFPL2	1
RFPL3	1
RFPL3S	16
RGL4	1
RHBDD3	16
RIBC2	2
RIMBP3	1
RNF185	19
RNF215	18
RPL23AP82	1
RPL3	15
RPS19BP1	17
RRP7A	13
RRP7BP	19
RSPH14	1
RTCB	13
RTN4R	10
SAMM50	14
SBF1	1
SCARF2	1
SCO2	13
SCUBE1	2
SDC4P	1
SDF2L1	4
SEC14L2	1
SEC14L3	1
SEC14L4	1
SEC14L6	2
SELENOM	11
SELENOO	3
SEPT3	2
SEPT5	5
SEPT5-GP1BB	8
SERHL	6
SERHL2	10
SERPIND1	12
SEZ6L	2
SF3A1	20
SFI1	14
SGSM1	9
SGSM3	19
SH3BP1	13
SHANK3	1
SHISA8	13
SLC16A8	1
SLC25A1	4
SLC25A17	14
SLC2A11	1
SLC35E4	12
SLC5A1	1
SLC5A4	1
SLC7A4	1
SMARCB1	10
SMC1B	2
SMDT1	9
SMTN	15
SNAP29	4
SNRPD3	10
SNU13	14
SOX10	1
SPECC1L	21
SPECC1L-ADORA2A	21
SREBF2	5
SRRD	14
SSTR3	1
ST13	13
SULT4A1	1
SUN2	19
SUSD2	16
SYCE3	17
SYN3	2
SYNGR1	7
TAB1	16
TANGO2	6
TBC1D10A	7
TBC1D22A	13
TBC1D22A-AS1	2
TBX1	6
TCF20	1
TCN2	17
TEF	12
TEX33	2
TFIP11	15
THAP7	8
THAP7-AS1	8
THOC5	14
TIMP3	1
TMEM184B	15
TMEM191A	1
TMEM191B	1
TMEM191C	1
TMEM211	12
TMPRSS6	1
TNFRSF13C	2
TNRC6B	18
TOB2	3
TOM1	7
TOMM22	16
TOP1P2	1
TOP3B	5
TPST2	13
TPTEP1	9
TRABD	1
TRIOBP	17
TRMT2A	3
TRMU	10
TSPO	7
TSSK2	2
TST	14
TTC28	22
TTC28-AS1	17
TTC38	7
TTLL1	14
TTLL12	10
TUBA3FP	19
TUBA8	1
TUBGCP6	1
TUG1	21
TXN2	10
TXNRD2	5
TYMP	1
UBE2L3	8
UFD1	4
UPB1	1
UPK3A	1
UQCR10	19
USP18	7
VPREB1	1
VPREB3	1
WBP2NL	1
WNT7B	1
XBP1	13
XKR3	1
XPNPEP3	13
XRCC6	12
YDJC	2
YPEL1	4
YWHAH	15
ZBED4	1
ZC3H7B	8
ZDHHC8	10
ZDHHC8P1	16
ZMAT5	20
ZNF280A	4
ZNF280B	4
ZNF70	17
ZNF74	9
ZNRF3	1
ZNRF3-AS1	21
